// Jest Snapshot v1, https://goo.gl/fbAQLP

exports[`Input test cases Render check 1`] = `
<DocumentFragment>
  <label
    class="css-7e1mv2"
    height="7"
    width="20"
  >
    <span
      class="css-1grri41"
    >
      label
    </span>
    <div
      class="css-52ovgc"
    >
      <input
        class="css-1vniage"
        placeholder="Placeholder"
      />
    </div>
    <span
      class="css-1reg724"
      role="alert"
    />
  </label>
</DocumentFragment>
`;
